 AS V1.42 Beta [Bld 32] - source file isZ80.asm - page 1 - 8/27/2013 17:27:26


       1/       0 :                     ; I distinguish z80 or 8080
       2/       0 :                     
       3/       0 :                     	CPU	Z80
       4/       0 :                     
       5/       0 :                     	ORG	0
       6/       0 :                     
       7/       0 : 31 00 01            	LD	SP,0100H
       8/       3 :                     
       9/       3 : 76                  	HALT
      10/       4 :                     
      11/       4 : 97                  	SUB	A
      12/       5 : EA 18 00            	JP	PE,CPU8080
      13/       8 :                     CPUZ80:
      14/       8 : CD 30 00            	CALL	PUTS
      15/       B : 5A 38 30 20 43 50   	DB	"Z80 CPU\n\r",0
                    55 0A 0D 00 
      16/      15 : C3 29 00            	JP	END
      17/      18 :                     
      18/      18 :                     CPU8080:
      19/      18 : CD 30 00            	CALL	PUTS
      20/      1B : 38 30 38 30 20 43   	DB	"8080 CPU\n\r",0
                    50 55 0A 0D 00 
      21/      26 : C3 29 00            	JP	END
      22/      29 :                     
      23/      29 :                     END:
      24/      29 : 3E 45               	LD	A,'E'
      25/      2B : D3 FF               	OUT	(0FFH),A
      26/      2D : DB FF               	IN	A,(0FFH);
      27/      2F : 76                  	HALT
      28/      30 :                     
      29/      30 : E3                  PUTS:	EX	(SP),HL
      30/      31 :                     PUTS_LOOP
      31/      31 : 7E                  	LD	A,(HL)
      32/      32 : 23                  	INC	HL
      33/      33 : A7                  	AND	A
      34/      34 : 28 05               	JR	Z,PUTS_FIN
      35/      36 : D3 FF               	OUT	(0FFH),A
      36/      38 : C3 31 00            	JP	PUTS_LOOP
      37/      3B :                     PUTS_FIN
      38/      3B : E3                  	EX	(SP),HL
      39/      3C : C9                  	RET
      40/      3D :                     
      41/      3D :                     
 AS V1.42 Beta [Bld 32] - source file isZ80.asm - page 2 - 8/27/2013 17:27:26


  symbol table (* = unused):
  ------------------------

*ARCHITECTURE : i386-unknown-freebsd - |
*BIGENDIAN :                      0 - | *BRANCHEXT :                      0 - |
*CASESENSITIVE :                  0 - | *CONSTPI :        3.141592653589793 - |
 CPU8080 :                       18 C | *CPUZ80 :                         8 C |
*DATE :                   8/27/2013 - |  END :                           29 C |
*FALSE :                          0 - | *FULLPMMU :                       1 - |
*HAS64 :                          1 - | *HASDSP :                         0 - |
*HASFPU :                         0 - | *HASPMMU :                        0 - |
*INEXTMODE :                      0 - | *INLWORDMODE :                    0 - |
*INMAXMODE :                      0 - | *INSRCMODE :                      0 - |
*INSUPMODE :                      0 - | *LISTON :                         1 - |
*MACEXP :                         1 - | *MOMCPU :                        80 - |
*MOMCPUNAME :                   Z80 - | *NESTMAX :                      100 - |
*PACKING :                        0 - | *PADDING :                        1 - |
 PUTS :                          30 C |  PUTS_FIN :                      3B C |
 PUTS_LOOP :                     31 C | *RELAXED :                        0 - |
*TIME :                    17:27:26 - | *TRUE :                           1 - |
*VERSION :                     142F - |

     34 symbols
     29 unused symbols

 AS V1.42 Beta [Bld 32] - source file isZ80.asm - page 3 - 8/27/2013 17:27:26


  codepages:
  ----------

STANDARD (0 changed characters)


0.01 seconds assembly time

     41 lines source file
      2 passes
      0 errors
      0 warnings
