 AS V1.42 Beta [Bld 32] - source file t_85.asm - page 1 - 6/11/2014 17:07:23


       1/       0 :                             cpu     8085
       2/       0 :                             page    0
       3/       0 :                     
       4/       0 : 54                          mov     d,h
       5/       1 : 77                          mov     m,a
       6/       2 : 4E                          mov     c,m
       7/       3 : 16 12                       mvi     d,12h
       8/       5 : 36 12                       mvi     m,12h
       9/       7 : 01 34 12                    lxi     b,1234h
      10/       A : 11 34 12                    lxi     d,1234h
      11/       D : 21 34 12                    lxi     h,1234h
      12/      10 : 02                          stax    b
      13/      11 : 12                          stax    d
      14/      12 : 77                          stax    h
      15/      13 : 0A                          ldax    b
      16/      14 : 1A                          ldax    d
      17/      15 : 1A                          ldax    d
      18/      16 : 7E                          ldax    h
      19/      17 : 32 34 12                    sta     1234h
      20/      1A : 3A 34 12                    lda     1234h
      21/      1D : 22 34 12                    shld    1234h
      22/      20 : 2A 34 12                    lhld    1234h
      23/      23 : EB                          xchg
      24/      24 :                     
      25/      24 : C5                          push    b
      26/      25 : D5                          push    d
      27/      26 : E5                          push    h
      28/      27 : F5                          push    psw
      29/      28 : C1                          pop     b
      30/      29 : D1                          pop     d
      31/      2A : E1                          pop     h
      32/      2B : F1                          pop     psw
      33/      2C : E3                          xthl
      34/      2D : F9                          sphl
      35/      2E : 31 34 12                    lxi     sp,1234h
      36/      31 : 33                          inx     sp
      37/      32 : 3B                          dcx     sp
      38/      33 :                     
      39/      33 : C3 34 12                    jmp     1234h
      40/      36 : DA 34 12                    jc      1234h
      41/      39 : D2 34 12                    jnc     1234h
      42/      3C : CA 34 12                    jz      1234h
      43/      3F : C2 34 12                    jnz     1234h
      44/      42 : F2 34 12                    jp      1234h
      45/      45 : FA 34 12                    jm      1234h
      46/      48 : EA 34 12                    jpe     1234h
      47/      4B : E2 34 12                    jpo     1234h
      48/      4E : E9                          pchl
      49/      4F :                     
      50/      4F : CD 34 12                    call    1234h
      51/      52 : DC 34 12                    cc      1234h
      52/      55 : D4 34 12                    cnc     1234h
      53/      58 : CC 34 12                    cz      1234h
      54/      5B : C4 34 12                    cnz     1234h
      55/      5E : F4 34 12                    cp      1234h
      56/      61 : FC 34 12                    cm      1234h
      57/      64 : EC 34 12                    cpe     1234h
      58/      67 : E4 34 12                    cpo     1234h
      59/      6A :                     
      60/      6A : C9                          ret
      61/      6B : D8                          rc
      62/      6C : D0                          rnc
      63/      6D : C8                          rz
      64/      6E : C0                          rnz
      65/      6F : F0                          rp
      66/      70 : F8                          rm
      67/      71 : E8                          rpe
      68/      72 : E0                          rpo
      69/      73 :                     
      70/      73 : D7                          rst     2
      71/      74 :                     
      72/      74 : DB 12                       in      12h
      73/      76 : D3 12                       out     12h
      74/      78 :                     
      75/      78 : 14                          inr     d
      76/      79 : 25                          dcr     h
      77/      7A : 34                          inr     m
      78/      7B : 35                          dcr     m
      79/      7C : 03                          inx     b
      80/      7D : 13                          inx     d
      81/      7E : 23                          inx     h
      82/      7F : 0B                          dcx     b
      83/      80 : 1B                          dcx     d
      84/      81 : 2B                          dcx     h
      85/      82 :                     
      86/      82 : 81                          add     c
      87/      83 : 8A                          adc     d
      88/      84 : 86                          add     m
      89/      85 : 8E                          adc     m
      90/      86 : C6 12                       adi     12h
      91/      88 : CE 12                       aci     12h
      92/      8A : 09                          dad     b
      93/      8B : 19                          dad     d
      94/      8C : 29                          dad     h
      95/      8D : 39                          dad     sp
      96/      8E :                     
      97/      8E : 91                          sub     c
      98/      8F : 9A                          sbb     d
      99/      90 : 96                          sub     m
     100/      91 : 9E                          sbb     m
     101/      92 : D6 12                       sui     12h
     102/      94 : DE 12                       sbi     12h
     103/      96 :                     
     104/      96 : A1                          ana     c
     105/      97 : A9                          xra     c
     106/      98 : B1                          ora     c
     107/      99 : B9                          cmp     c
     108/      9A : A6                          ana     m
     109/      9B : AE                          xra     m
     110/      9C : B6                          ora     m
     111/      9D : BE                          cmp     m
     112/      9E : E6 12                       ani     12h
     113/      A0 : EE 12                       xri     12h
     114/      A2 : F6 12                       ori     12h
     115/      A4 : FE 12                       cpi     12h
     116/      A6 :                     
     117/      A6 : 07                          rlc
     118/      A7 : 0F                          rrc
     119/      A8 : 17                          ral
     120/      A9 : 1F                          rar
     121/      AA :                     
     122/      AA : 2F                          cma
     123/      AB : 37                          stc
     124/      AC : 3F                          cmc
     125/      AD : 27                          daa
     126/      AE :                     
     127/      AE : FB                          ei
     128/      AF : F3                          di
     129/      B0 : 00                          nop
     130/      B1 : 76                          hlt
     131/      B2 :                     
     132/      B2 : 20                          rim
     133/      B3 : 30                          sim
     134/      B4 :                     
     135/      B4 :                     
 AS V1.42 Beta [Bld 32] - source file t_85.asm - page 2 - 6/11/2014 17:07:23


  symbol table (* = unused):
  ------------------------

*ARCHITECTURE : i386-unknown-freebsd - |
*BIGENDIAN :                      0 - | *BRANCHEXT :                      0 - |
*CASESENSITIVE :                  0 - | *CONSTPI :        3.141592653589793 - |
*DATE :                   6/11/2014 - | *FALSE :                          0 - |
*FULLPMMU :                       1 - | *HAS64 :                          1 - |
*HASDSP :                         0 - | *HASFPU :                         0 - |
*HASPMMU :                        0 - | *INEXTMODE :                      0 - |
*INLWORDMODE :                    0 - | *INMAXMODE :                      0 - |
*INSRCMODE :                      0 - | *INSUPMODE :                      0 - |
*LISTON :                         1 - | *MACEXP :                         1 - |
*MOMCPU :                      8085 - | *MOMCPUNAME :                  8085 - |
*NESTMAX :                      100 - | *PACKING :                        0 - |
*PADDING :                        1 - | *RELAXED :                        0 - |
*TIME :                    17:07:23 - | *TRUE :                           1 - |
*VERSION :                     142F - |

     28 symbols
     28 unused symbols

 AS V1.42 Beta [Bld 32] - source file t_85.asm - page 3 - 6/11/2014 17:07:23


  codepages:
  ----------

STANDARD (0 changed characters)


0.01 seconds assembly time

    135 lines source file
      1 pass
      0 errors
      0 warnings
